<?xml version="1.0" encoding="UTF-8" ?>
<testsuites name="vitest tests" tests="2" failures="0" errors="0" time="0.131907023">
    <testsuite name="test/app.test.ts" timestamp="2026-05-18T04:34:08.830Z" hostname="codespaces-af0f4c" tests="2" failures="0" errors="0" skipped="0" time="0.131907023">
        <testcase classname="test/app.test.ts" name="Fastify app &gt; GET /health returns ok status" time="0.125460373">
        </testcase>
        <testcase classname="test/app.test.ts" name="Fastify app &gt; GET / returns app message and version" time="0.003715417">
        </testcase>
    </testsuite>
</testsuites>
